
<--- Last few GCs --->

[1045:0x7c9c000]    76059 ms: Scavenge 2026.4 (2087.8) -> 2019.0 (2087.8) MB, pooled: 0 MB, 2.00 / 0.00 ms  (average mu = 0.272, current mu = 0.248) allocation failure; 
[1045:0x7c9c000]    76064 ms: Scavenge 2026.7 (2087.8) -> 2019.3 (2087.8) MB, pooled: 0 MB, 1.95 / 0.00 ms  (average mu = 0.272, current mu = 0.248) allocation failure; 
[1045:0x7c9c000]    76071 ms: Scavenge 2027.1 (2087.8) -> 2019.7 (2103.8) MB, pooled: 0 MB, 2.53 / 0.00 ms  (average mu = 0.272, current mu = 0.248) allocation failure; 


<--- JS stacktrace --->

FATAL ERROR: Reached heap limit Allocation failed - JavaScript heap out of memory
----- Native stack trace -----

 1: 0xe40d24 node::OOMErrorHandler(char const*, v8::OOMDetails const&) [node]
 2: 0x1216be0 v8::Utils::ReportOOMFailure(v8::internal::Isolate*, char const*, v8::OOMDetails const&) [node]
 3: 0x1216eb7 v8::internal::V8::FatalProcessOutOfMemory(v8::internal::Isolate*, char const*, v8::OOMDetails const&) [node]
 4: 0x1444875  [node]
 5: 0x145e109 v8::internal::Heap::CollectGarbage(v8::internal::AllocationSpace, v8::internal::GarbageCollectionReason, v8::GCCallbackFlags) [node]
 6: 0x14327b8 v8::internal::HeapAllocator::AllocateRawWithLightRetrySlowPath(int, v8::internal::AllocationType, v8::internal::AllocationOrigin, v8::internal::AllocationAlignment) [node]
 7: 0x14336e5 v8::internal::HeapAllocator::AllocateRawWithRetryOrFailSlowPath(int, v8::internal::AllocationType, v8::internal::AllocationOrigin, v8::internal::AllocationAlignment) [node]
 8: 0x140c3be v8::internal::Factory::NewFillerObject(int, v8::internal::AllocationAlignment, v8::internal::AllocationType, v8::internal::AllocationOrigin) [node]
 9: 0x186da1c v8::internal::Runtime_AllocateInYoungGeneration(int, unsigned long*, v8::internal::Isolate*) [node]
10: 0x7fedfee6c476 
